========================================
Song et al. RPE Model - Temperature Sweep
========================================

Parameters:
  R_DROP_0 = 50.0 μm
  R_BUBBLE_0 = 1.01 × R_c
  Ambient pressure = 2.0 bar
  Target void fraction = 0.99
  Max simulation time = 100.0 μs

Antoine validation: P_sat(293.15K) = 8.49 bar

========================================
Solving: T=255K (T=255.15 K, P=2.00 bar)
========================================
P_sat = 2.077e+05 Pa (2.08 bar)
T_sat = 254.27 K
Superheat = 0.88 K
R_c = 5.466e-06 m (5.466 μm)
R_bubble_0 = 5.520e-06 m (5.520 μm)
rho_v = 1.667 kg/m³

Starting integration...
Initial: ε=0.001346, ρ_m=608.78 kg/m³

Reached void fraction target: ε=0.9936 at t=5.870e-06 s

Simulation complete:
  Final time: 5.870e-06 s (5.87 μs)
  Final R: 4.989e-05 m (49.89 μm)
  Final Rdot: 7.026 m/s
  Final ε: 0.9936
  Total steps: 588
  Data points: 589

========================================
Solving: T=263K (T=263.15 K, P=2.00 bar)
========================================
P_sat = 2.894e+05 Pa (2.89 bar)
T_sat = 254.27 K
Superheat = 8.88 K
R_c = 4.699e-07 m (0.470 μm)
R_bubble_0 = 4.746e-07 m (0.475 μm)
rho_v = 2.253 kg/m³

Starting integration...
Initial: ε=0.000001, ρ_m=609.60 kg/m³

Bubble capped at droplet edge at t=4.571e-06 s

Simulation complete:
  Final time: 4.571e-06 s (4.57 μs)
  Final R: 4.995e-05 m (49.95 μm)
  Final Rdot: 0.000 m/s
  Final ε: 0.9888
  Total steps: 471
  Data points: 471

========================================
Solving: T=273K (T=273.15 K, P=2.00 bar)
========================================
P_sat = 4.258e+05 Pa (4.26 bar)
T_sat = 254.27 K
Superheat = 18.88 K
R_c = 1.860e-07 m (0.186 μm)
R_bubble_0 = 1.879e-07 m (0.188 μm)
rho_v = 3.193 kg/m³

Starting integration...
Initial: ε=0.000000, ρ_m=609.60 kg/m³

Bubble capped at droplet edge at t=2.797e-06 s

Simulation complete:
  Final time: 2.797e-06 s (2.80 μs)
  Final R: 4.995e-05 m (49.95 μm)
  Final Rdot: 0.000 m/s
  Final ε: 0.9850
  Total steps: 299
  Data points: 299

========================================
Solving: T=283K (T=283.15 K, P=2.00 bar)
========================================
P_sat = 6.091e+05 Pa (6.09 bar)
T_sat = 254.27 K
Superheat = 28.88 K
R_c = 1.027e-07 m (0.103 μm)
R_bubble_0 = 1.037e-07 m (0.104 μm)
rho_v = 4.406 kg/m³

Starting integration...
Initial: ε=0.000000, ρ_m=609.60 kg/m³

Bubble capped at droplet edge at t=2.178e-06 s

Simulation complete:
  Final time: 2.178e-06 s (2.18 μs)
  Final R: 4.995e-05 m (49.95 μm)
  Final Rdot: 0.000 m/s
  Final ε: 0.9836
  Total steps: 261
  Data points: 261

========================================
Solving: T=293K (T=293.15 K, P=2.00 bar)
========================================
P_sat = 8.494e+05 Pa (8.49 bar)
T_sat = 254.27 K
Superheat = 38.88 K
R_c = 6.467e-08 m (0.065 μm)
R_bubble_0 = 6.532e-08 m (0.065 μm)
rho_v = 5.935 kg/m³

Starting integration...
Initial: ε=0.000000, ρ_m=609.60 kg/m³

Bubble capped at droplet edge at t=1.734e-06 s

Simulation complete:
  Final time: 1.734e-06 s (1.73 μs)
  Final R: 4.995e-05 m (49.95 μm)
  Final Rdot: 0.000 m/s
  Final ε: 0.9772
  Total steps: 238
  Data points: 238

========================================
Solving: T=303K (T=303.15 K, P=2.00 bar)
========================================
P_sat = 1.158e+06 Pa (11.58 bar)
T_sat = 254.27 K
Superheat = 48.88 K
R_c = 4.384e-08 m (0.044 μm)
R_bubble_0 = 4.428e-08 m (0.044 μm)
rho_v = 7.824 kg/m³

Starting integration...
Initial: ε=0.000000, ρ_m=609.60 kg/m³

Reached void fraction target: ε=0.9915 at t=1.423e-06 s

Simulation complete:
  Final time: 1.423e-06 s (1.42 μs)
  Final R: 4.986e-05 m (49.86 μm)
  Final Rdot: 59.426 m/s
  Final ε: 0.9915
  Total steps: 222
  Data points: 223

========================================
Solving: T=313K (T=313.15 K, P=2.00 bar)
========================================
P_sat = 1.547e+06 Pa (15.47 bar)
T_sat = 254.27 K
Superheat = 58.88 K
R_c = 3.119e-08 m (0.031 μm)
R_bubble_0 = 3.150e-08 m (0.032 μm)
rho_v = 10.117 kg/m³

Starting integration...
Initial: ε=0.000000, 